// Jest Snapshot v1, https://goo.gl/fbAQLP

exports[`should not render a show more button 1`] = `null`;

exports[`should render a button 1`] = `
<div
  className="more-sections-button"
  onClick={[Function]}
  role="button"
  tabIndex={0}
>
  Show More...
</div>
`;

exports[`should render coreqs string 1`] = `
Array [
  <a
    className="reqClassLink"
    href="CHEM 3506"
    onClick={[Function]}
    tabIndex={0}
  >
    CHEM 3506
  </a>,
  " and ",
  <a
    className="reqClassLink"
    href="CHEM 3507"
    onClick={[Function]}
    tabIndex={0}
  >
    CHEM 3507
  </a>,
]
`;

exports[`should render prereqs string 1`] = `
Array [
  Array [
    "(",
    Array [
      <a
        className="reqClassLink"
        href="CHEM 3401"
        onClick={[Function]}
        tabIndex={0}
      >
        CHEM 3401
      </a>,
      " or ",
      <a
        className="reqClassLink"
        href="CHEM 3431"
        onClick={[Function]}
        tabIndex={0}
      >
        CHEM 3431
      </a>,
    ],
    ")",
  ],
  " and ",
  Array [
    "(",
    Array [
      <a
        className="reqClassLink"
        href="CHEM 2321"
        onClick={[Function]}
        tabIndex={0}
      >
        CHEM 2321
      </a>,
      " or ",
      <a
        className="reqClassLink"
        href="CHEM 2331"
        onClick={[Function]}
        tabIndex={0}
      >
        CHEM 2331
      </a>,
    ],
    ")",
  ],
  " and ",
  Array [
    "(",
    Array [
      <a
        className="reqClassLink"
        href="CHEM 2313"
        onClick={[Function]}
        tabIndex={0}
      >
        CHEM 2313
      </a>,
      " or ",
      <a
        className="reqClassLink"
        href="CHEM 2317"
        onClick={[Function]}
        tabIndex={0}
      >
        CHEM 2317
      </a>,
    ],
    ")",
  ],
]
`;
